// Jest Snapshot v1, https://goo.gl/fbAQLP

exports[`AcademicProfileEndorsmentSchema should fail validation when fields missing 1`] = `
Object {
  "academicProfile": [ValidatorError: Path \`academicProfile\` is required.],
  "createdBy": [ValidatorError: Path \`createdBy\` is required.],
  "type": [ValidatorError: Path \`type\` is required.],
}
`;
