// Jest Snapshot v1, https://goo.gl/fbAQLP

exports[`ProgressPartSchema should fail validation when fields missing 1`] = `
Object {
  "part": [ValidatorError: Path \`part\` is required.],
}
`;
