// Jest Snapshot v1, https://goo.gl/fbAQLP

exports[`ProgressUnitSchema should fail validation when fields missing 1`] = `
Object {
  "unit": [ValidatorError: Path \`unit\` is required.],
}
`;
