// Jest Snapshot v1, https://goo.gl/fbAQLP

exports[`ReviewAnswerSchema should fail validation when fields missing 1`] = `
Object {
  "projectFeedback": [ValidatorError: Path \`projectFeedback\` is required.],
  "question": [ValidatorError: Path \`question\` is required.],
}
`;
